Running suite 'Fatal Exception' with 8 tests.
==============================================================================
Fxxxxxxx
------------------------------------------------------------------------------
FAIL: Fatal Exception.Python Library Kw.Exit From Python Keyword
FatalCatastrophyException: BANG!
==============================================================================
Run suite 'Fatal Exception' with 8 tests in *.

FAILED
8 tests, 0 passed, 8 failed

Output:  *.xml
