[[] ERROR ] Error in file '*' on line 45: Creating keyword 'Empty UK' failed: User keyword 'Empty UK' contains no keywords.
[[] ERROR ] Error in file '*' on line 47: Creating keyword 'Empty UK With Settings' failed: User keyword 'Empty UK With Settings' contains no keywords.
