Running suite 'X' with 13 tests.
==============================================================================
.sF..........
------------------------------------------------------------------------------
FAIL: X.Suites.Fourth.Suite4 First
Expected
==============================================================================
Run suite 'X' with 13 tests in *.

FAILED
13 tests, 11 passed, 1 failed, 1 skipped

Output:  *.xml
