Running suite 'Warnings And Errors' with 3 tests.
==============================================================================
...
==============================================================================
Run suite 'Warnings And Errors' with 3 tests in *.

PASSED
3 tests, 3 passed, 0 failed

Output:  *
