[[] ERROR ] Error in file '*' on line 4: Non-existing setting 'Non-Existing'.
[ WARN ] Warning in suite setup
[ WARN ] Warning in test case
[ WARN ] Multiple test cases with name 'Warning in test case' executed in test suite 'Warnings And Errors'.
[ ERROR ] Logged errors supported since 2.9
[ WARN ] Warning in suite teardown
